Microchip MPLAB XC8 Compiler V1.44 ()

Linker command line:

-W-3 --edf=D:\XC8\dat\en_msgs.txt -cs \
  -h+dist/default/production\AERIS01V1.0.production.sym \
  --cmf=dist/default/production\AERIS01V1.0.production.cmf -z -Q16F688 \
  -oC:\Users\CLMENT~1\AppData\Local\Temp\s6i4.2 \
  -Mdist/default/production/AERIS01V1.0.production.map -E1 -ver=XC8 \
  -ASTACK=0A0h-0efh -pstack=STACK -ACODE=00h-07FFhx2 -ASTRCODE=00h-0FFFh \
  -ASTRING=00h-0FFhx16 -ACONST=00h-0FFhx16 -AENTRY=00h-0FFhx16 \
  -ACOMMON=070h-07Fh -ABANK0=020h-06Fh -ABANK1=0A0h-0EFh \
  -ABANK2=0120h-016Fh -ARAM=020h-06Fh,0A0h-0EFh,0120h-016Fh \
  -AABS1=020h-07Fh,0A0h-0EFh,0120h-016Fh -ASFR0=00h-01Fh -ASFR1=080h-09Fh \
  -ASFR2=0100h-011Fh -ASFR3=0180h-01EFh \
  -preset_vec=00h,intentry=04h,init,end_init -ppowerup=CODE -pcinit=CODE \
  -pfunctab=ENTRY -ACONFIG=02007h-02007h -pconfig=CONFIG -DCONFIG=2 \
  -AIDLOC=02000h-02003h -pidloc=IDLOC -DIDLOC=2 -AEEDATA=00h-0FFh/02100h \
  -peeprom_data=EEDATA -DEEDATA=2 -DCODE=2 -DSTRCODE=2 -DSTRING=2 -DCONST=2 \
  -DENTRY=2 -k C:\Users\CLMENT~1\AppData\Local\Temp\s6i4.obj \
  dist/default/production\AERIS01V1.0.production.obj 

Object code version is 3.11

Machine type is 16F688



                Name                               Link     Load   Length Selector   Space Scale
C:\Users\CLMENT~1\AppData\Local\Temp\s6i4.obj
                end_init                             11       11        2        8       0
                reset_vec                             0        0        2        0       0
                config                             2007     2007        1     400E       0
dist/default/production\AERIS01V1.0.production.obj
                cinit                                13       13        E        8       0
                intentry                              4        4        D        8       0
                text15                               B6       B6       4F        8       0
                text14                              1AF      1AF       12        8       0
                text13                              1FB      1FB        C      3C0       0
                text12                              220      220        6      3C0       0
                text11                              207      207        A      3C0       0
                text10                              1E0      1E0        E      3C0       0
                text9                               19A      19A       15        8       0
                text8                               1EE      1EE        D      3C0       0
                text7                               15C      15C       20        8       0
                text6                               226      226        5      3C0       0
                swtext1                             1D2      1D2        E      3A4       0
                text5                                21       21       95        8       0
                text4                               105      105       2C        8       0
                text3                               17C      17C       1E        8       0
                text2                               1C1      1C1       11        8       0
                text1                               131      131       2B        8       0
                maintext                            219      219        7      3C0       0
                cstackBANK0                          48       48       12       20       1
                cstackCOMMON                         75       75        5       70       1
                clrtext                             211      211        8      3C0       0
                bssBANK0                             20       20       28       20       1
                bssCOMMON                            70       70        5       70       1

TOTAL           Name                               Link     Load   Length     Space
        CLASS   STACK          

        CLASS   CODE           
                end_init                             11       11        2         0
                cinit                                13       13        E         0
                intentry                              4        4        D         0
                reset_vec                             0        0        2         0
                text15                               B6       B6       4F         0
                text14                              1AF      1AF       12         0
                text13                              1FB      1FB        C         0
                text12                              220      220        6         0
                text11                              207      207        A         0
                text10                              1E0      1E0        E         0
                text9                               19A      19A       15         0
                text8                               1EE      1EE        D         0
                text7                               15C      15C       20         0
                text6                               226      226        5         0
                text5                                21       21       95         0
                text4                               105      105       2C         0
                text3                               17C      17C       1E         0
                text2                               1C1      1C1       11         0
                text1                               131      131       2B         0
                maintext                            219      219        7         0
                clrtext                             211      211        8         0

        CLASS   STRCODE        

        CLASS   STRING         

        CLASS   CONST          
                swtext1                             1D2      1D2        E         0

        CLASS   ENTRY          

        CLASS   COMMON         
                cstackCOMMON                         75       75        5         1
                bssCOMMON                            70       70        5         1

        CLASS   BANK0          
                cstackBANK0                          48       48       12         1
                bssBANK0                             20       20       28         1

        CLASS   BANK1          

        CLASS   BANK2          

        CLASS   RAM            

        CLASS   ABS1           
                abs_s1                               7E       7E        2         1

        CLASS   SFR0           

        CLASS   SFR1           

        CLASS   SFR2           

        CLASS   SFR3           

        CLASS   CONFIG         
                config                             2007     2007        1         0

        CLASS   IDLOC          

        CLASS   EEDATA         

        CLASS   BANK3          



SEGMENTS        Name                           Load    Length   Top    Selector   Space  Class     Delta

                reset_vec                      000000  000002  000002         0       0  CODE        2
                intentry                       000004  0001CE  0001D2         8       0  CODE        2
                bssBANK0                       000020  00003A  00005A        20       1  BANK0       1
                bssCOMMON                      000070  00000A  00007A        70       1  COMMON      1
                swtext1                        0001D2  00000E  0001E0       3A4       0  CONST       2
                text10                         0001E0  00004B  00022B       3C0       0  CODE        2
                config                         002007  000001  002008      400E       0  CONFIG      2


UNUSED ADDRESS RANGES

        Name                Unused          Largest block    Delta
        BANK0            005A-006F             16           1
        BANK1            00A0-00EF             50           1
        BANK2            0120-016F             50           1
        CODE             0002-0003              2           2
                         022B-0FFF            5D5
        COMMON           007A-007D              4           1
        CONST            0002-0003              2           2
                         022B-0FFF            100
        EEDATA           2100-21FF            100           2
        ENTRY            0002-0003              2           2
                         022B-0FFF            100
        IDLOC            2000-2003              4           2
        RAM              005A-006F             16           1
                         00A0-00EF             50
                         0120-016F             50
        SFR0             0000-001F             20           1
        SFR1             0080-009F             20           1
        SFR2             0100-011F             20           1
        SFR3             0180-01EF             70           1
        STACK            00A0-00EF             50           1
        STRCODE          0002-0003              2           2
                         022B-0FFF            DD5
        STRING           0002-0003              2           2
                         022B-0FFF            100

                                  Symbol Table

?_ADC_get_value               cstackBANK0  0048
ADC_chan_change@ANChannel     cstackBANK0  0049
ADC_get_value@ANvalue         cstackBANK0  004C
SUP_ADC_management@sequence   bssCOMMON    0071
SUP_Oper@latchSequencer       cstackBANK0  0056
UART_send@data                cstackBANK0  0054
UART_send@size                cstackBANK0  0050
_ADCON0bits                   (abs)        001F
_ADCON1bits                   (abs)        009F
_ADC_chan_change              text8        01EE
_ADC_get_value                text7        015C
_ADC_start_conv               text6        0226
_ADRESH                       (abs)        001E
_ADRESL                       (abs)        009E
_BAUDCTLbits                  (abs)        0011
_INTCONbits                   (abs)        000B
_OPTION_REGbits               (abs)        0081
_OSCCONbits                   (abs)        008F
_PIE1bits                     (abs)        008C
_PIR1bits                     (abs)        000C
_PORTAbits                    (abs)        0005
_RCSTAbits                    (abs)        0017
_SPBRG                        (abs)        0013
_SUP_ADC_management           text5        0021
_SUP_Init                     text9        019A
_SUP_Oper                     text1        0131
_SUP_UART_management          text2        01C1
_TMR0                         (abs)        0001
_TRISAbits                    (abs)        0085
_TRISCbits                    (abs)        0087
_TXREG                        (abs)        0015
_TXSTAbits                    (abs)        0016
_UART_send                    text3        017C
__CFG_BOREN$ON                (abs)        0000
__CFG_CP$OFF                  (abs)        0000
__CFG_CPD$OFF                 (abs)        0000
__CFG_FCMEN$ON                (abs)        0000
__CFG_FOSC$INTOSCIO           (abs)        0000
__CFG_IESO$ON                 (abs)        0000
__CFG_MCLRE$ON                (abs)        0000
__CFG_PWRTE$OFF               (abs)        0000
__CFG_WDTE$OFF                (abs)        0000
__Habs1                       abs1         0000
__Hbank0                      bank0        0000
__Hbank1                      bank1        0000
__Hbank2                      bank2        0000
__Hbank3                      bank3        0000
__HbssBANK0                   bssBANK0     0000
__HbssCOMMON                  bssCOMMON    0000
__Hcinit                      cinit        0021
__Hclrtext                    clrtext      0000
__Hcode                       code         0000
__Hcommon                     common       0000
__Hconfig                     config       2008
__HcstackBANK0                cstackBANK0  0000
__HcstackCOMMON               cstackCOMMON 0000
__Heeprom_data                eeprom_data  0000
__Hend_init                   end_init     0013
__Hfunctab                    functab      0000
__Hidloc                      idloc        0000
__Hinit                       init         0011
__Hintentry                   intentry     0011
__Hmaintext                   maintext     0000
__Hpowerup                    powerup      0000
__Hram                        ram          0000
__Hreset_vec                  reset_vec    0002
__Hsfr0                       sfr0         0000
__Hsfr1                       sfr1         0000
__Hsfr2                       sfr2         0000
__Hsfr3                       sfr3         0000
__Hspace_0                    (abs)        2008
__Hspace_1                    (abs)        007A
__Hspace_2                    (abs)        0000
__Hspace_3                    (abs)        0000
__Hstack                      stack        0000
__Hstrings                    strings      0000
__Htext                       text         0000
__Labs1                       abs1         0000
__Lbank0                      bank0        0000
__Lbank1                      bank1        0000
__Lbank2                      bank2        0000
__Lbank3                      bank3        0000
__LbssBANK0                   bssBANK0     0000
__LbssCOMMON                  bssCOMMON    0000
__Lcinit                      cinit        0013
__Lclrtext                    clrtext      0000
__Lcode                       code         0000
__Lcommon                     common       0000
__Lconfig                     config       2007
__LcstackBANK0                cstackBANK0  0000
__LcstackCOMMON               cstackCOMMON 0000
__Leeprom_data                eeprom_data  0000
__Lend_init                   end_init     0011
__Lfunctab                    functab      0000
__Lidloc                      idloc        0000
__Linit                       init         0011
__Lintentry                   intentry     0004
__Lmaintext                   maintext     0000
__Lpowerup                    powerup      0000
__Lram                        ram          0000
__Lreset_vec                  reset_vec    0000
__Lsfr0                       sfr0         0000
__Lsfr1                       sfr1         0000
__Lsfr2                       sfr2         0000
__Lsfr3                       sfr3         0000
__Lspace_0                    (abs)        0000
__Lspace_1                    (abs)        0000
__Lspace_2                    (abs)        0000
__Lspace_3                    (abs)        0000
__Lstack                      stack        0000
__Lstrings                    strings      0000
__Ltext                       text         0000
__S0                          (abs)        2008
__S1                          (abs)        007A
__S2                          (abs)        0000
__S3                          (abs)        0000
___int_sp                     stack        0000
___latbits                    (abs)        0001
___sp                         stack        0000
__end_of_ADC_chan_change      text8        01FB
__end_of_ADC_get_value        text7        017C
__end_of_ADC_start_conv       text6        022B
__end_of_SUP_ADC_management   text5        00B6
__end_of_SUP_Init             text9        01AF
__end_of_SUP_Oper             text1        015C
__end_of_SUP_UART_management  text2        01D2
__end_of_UART_send            text3        019A
__end_of__initialization      cinit        001E
__end_of_f_int                text15       0105
__end_of_init_adc             text14       01C1
__end_of_init_io              text13       0207
__end_of_init_osc             text12       0226
__end_of_init_tmr0            text11       0211
__end_of_init_uart            text10       01EE
__end_of_main                 maintext     0220
__end_of_memcpy               text4        0131
__initialization              cinit        0013
__pbssBANK0                   bssBANK0     0020
__pbssCOMMON                  bssCOMMON    0070
__pcstackBANK0                cstackBANK0  0048
__pcstackCOMMON               cstackCOMMON 0075
__pintentry                   intentry     0004
__pmaintext                   maintext     0219
__pswtext1                    swtext1      01D2
__ptext1                      text1        0131
__ptext10                     text10       01E0
__ptext11                     text11       0207
__ptext12                     text12       0220
__ptext13                     text13       01FB
__ptext14                     text14       01AF
__ptext15                     text15       00B6
__ptext2                      text2        01C1
__ptext3                      text3        017C
__ptext4                      text4        0105
__ptext5                      text5        0021
__ptext6                      text6        0226
__ptext7                      text7        015C
__ptext8                      text8        01EE
__ptext9                      text9        019A
__size_of_ADC_chan_change     (abs)        0000
__size_of_ADC_get_value       (abs)        0000
__size_of_ADC_start_conv      (abs)        0000
__size_of_SUP_ADC_management  (abs)        0000
__size_of_SUP_Init            (abs)        0000
__size_of_SUP_Oper            (abs)        0000
__size_of_SUP_UART_management (abs)        0000
__size_of_UART_send           (abs)        0000
__size_of_f_int               (abs)        0000
__size_of_init_adc            (abs)        0000
__size_of_init_io             (abs)        0000
__size_of_init_osc            (abs)        0000
__size_of_init_tmr0           (abs)        0000
__size_of_init_uart           (abs)        0000
__size_of_main                (abs)        0000
__size_of_memcpy              (abs)        0000
_anData                       bssBANK0     0024
_compteur                     bssBANK0     0020
_emission_rdy                 bssCOMMON    0072
_endConv                      bssCOMMON    0074
_f_int                        text15       00B6
_init_adc                     text14       01AF
_init_io                      text13       01FB
_init_osc                     text12       0220
_init_tmr0                    text11       0207
_init_uart                    text10       01E0
_main                         maintext     0219
_memcpy                       text4        0105
_tx_data                      bssBANK0     0036
_tx_running                   bssCOMMON    0073
btemp                         (abs)        007E
clear_ram0                    clrtext      0211
end_of_initialization         cinit        001E
f_int@txState                 bssCOMMON    0070
interrupt_function            intentry     0004
intlevel0                     functab      0000
intlevel1                     functab      0000
intlevel2                     functab      0000
intlevel3                     functab      0000
intlevel4                     functab      0000
intlevel5                     functab      0000
memcpy@d                      cstackBANK0  004D
memcpy@d1                     cstackBANK0  004F
memcpy@n                      cstackBANK0  0049
memcpy@s                      cstackBANK0  004E
memcpy@s1                     cstackBANK0  0048
memcpy@tmp                    cstackBANK0  004C
reset_vec                     reset_vec    0000
saved_w                       (abs)        007E
stackhi                       (abs)        0000
stacklo                       (abs)        0000
start                         init         0011
start_initialization          cinit        0013
wtemp0                        (abs)        007E


FUNCTION INFORMATION:

 *************** function _main *****************
 Defined at:
		line 27 in file "sources/SUP_func.c"
 Parameters:    Size  Location     Type
		None
 Auto vars:     Size  Location     Type
		None
 Return value:  Size  Location     Type
                  1    wreg      void 
 Registers used:
		wreg, fsr0l, fsr0h, status,2, status,0, btemp+1, pclath, cstack
 Tracked objects:
		On entry : 
		On exit  : 
		Unchanged: 
 Data sizes:     COMMON   BANK0   BANK1   BANK2
      Params:         0       0       0       0
      Locals:         0       0       0       0
      Temps:          0       0       0       0
      Totals:         0       0       0       0
Total ram usage:        0 bytes
 Hardware stack levels required when called:    5
 This function calls:
		_SUP_Init
		_SUP_Oper
 This function is called by:
		Startup code after reset
 This function uses a non-reentrant model


 *************** function _SUP_Oper *****************
 Defined at:
		line 54 in file "sources/SUP_func.c"
 Parameters:    Size  Location     Type
		None
 Auto vars:     Size  Location     Type
  latchSequenc    4   14[BANK0 ] unsigned long 
 Return value:  Size  Location     Type
                  1    wreg      void 
 Registers used:
		wreg, fsr0l, fsr0h, status,2, status,0, btemp+1, pclath, cstack
 Tracked objects:
		On entry : 
		On exit  : 
		Unchanged: 
 Data sizes:     COMMON   BANK0   BANK1   BANK2
      Params:         0       0       0       0
      Locals:         0       4       0       0
      Temps:          0       0       0       0
      Totals:         0       4       0       0
Total ram usage:        4 bytes
 Hardware stack levels used:    1
 Hardware stack levels required when called:    4
 This function calls:
		_SUP_ADC_management
		_SUP_UART_management
 This function is called by:
		_main
 This function uses a non-reentrant model


 *************** function _SUP_UART_management *****************
 Defined at:
		line 136 in file "sources/SUP_func.c"
 Parameters:    Size  Location     Type
		None
 Auto vars:     Size  Location     Type
		None
 Return value:  Size  Location     Type
                  1    wreg      void 
 Registers used:
		wreg, fsr0l, fsr0h, status,2, status,0, pclath, cstack
 Tracked objects:
		On entry : 
		On exit  : 
		Unchanged: 
 Data sizes:     COMMON   BANK0   BANK1   BANK2
      Params:         0       0       0       0
      Locals:         0       0       0       0
      Temps:          0       1       0       0
      Totals:         0       1       0       0
Total ram usage:        1 bytes
 Hardware stack levels used:    1
 Hardware stack levels required when called:    3
 This function calls:
		_UART_send
 This function is called by:
		_SUP_Oper
 This function uses a non-reentrant model


 *************** function _UART_send *****************
 Defined at:
		line 38 in file "sources/SYS_uart.c"
 Parameters:    Size  Location     Type
  data            1    wreg     PTR struct .
		 -> anData(18), 
  size            1    8[BANK0 ] unsigned char 
 Auto vars:     Size  Location     Type
  data            1   12[BANK0 ] PTR struct .
		 -> anData(18), 
 Return value:  Size  Location     Type
                  1    wreg      void 
 Registers used:
		wreg, fsr0l, fsr0h, status,2, status,0, pclath, cstack
 Tracked objects:
		On entry : 
		On exit  : 
		Unchanged: 
 Data sizes:     COMMON   BANK0   BANK1   BANK2
      Params:         0       1       0       0
      Locals:         0       1       0       0
      Temps:          0       3       0       0
      Totals:         0       5       0       0
Total ram usage:        5 bytes
 Hardware stack levels used:    1
 Hardware stack levels required when called:    2
 This function calls:
		_memcpy
 This function is called by:
		_SUP_UART_management
 This function uses a non-reentrant model


 *************** function _memcpy *****************
 Defined at:
		line 27 in file "D:\XC8\sources\common\memcpy.c"
 Parameters:    Size  Location     Type
  d1              1    wreg     PTR void 
		 -> tx_data(18), 
  s1              1    0[BANK0 ] PTR const void 
		 -> anData(18), 
  n               2    1[BANK0 ] unsigned int 
 Auto vars:     Size  Location     Type
  d1              1    7[BANK0 ] PTR void 
		 -> tx_data(18), 
  s               1    6[BANK0 ] PTR const unsigned char 
		 -> anData(18), 
  d               1    5[BANK0 ] PTR unsigned char 
		 -> tx_data(18), 
  tmp             1    4[BANK0 ] unsigned char 
 Return value:  Size  Location     Type
                  1    wreg      PTR void 
 Registers used:
		wreg, fsr0l, fsr0h, status,2, status,0
 Tracked objects:
		On entry : 
		On exit  : 
		Unchanged: 
 Data sizes:     COMMON   BANK0   BANK1   BANK2
      Params:         0       3       0       0
      Locals:         0       4       0       0
      Temps:          0       1       0       0
      Totals:         0       8       0       0
Total ram usage:        8 bytes
 Hardware stack levels used:    1
 Hardware stack levels required when called:    1
 This function calls:
		Nothing
 This function is called by:
		_UART_send
 This function uses a non-reentrant model


 *************** function _SUP_ADC_management *****************
 Defined at:
		line 69 in file "sources/SUP_func.c"
 Parameters:    Size  Location     Type
		None
 Auto vars:     Size  Location     Type
		None
 Return value:  Size  Location     Type
                  1    wreg      void 
 Registers used:
		wreg, fsr0l, fsr0h, status,2, status,0, btemp+1, pclath, cstack
 Tracked objects:
		On entry : 
		On exit  : 
		Unchanged: 
 Data sizes:     COMMON   BANK0   BANK1   BANK2
      Params:         0       0       0       0
      Locals:         0       0       0       0
      Temps:          0       1       0       0
      Totals:         0       1       0       0
Total ram usage:        1 bytes
 Hardware stack levels used:    1
 Hardware stack levels required when called:    2
 This function calls:
		_ADC_chan_change
		_ADC_get_value
		_ADC_start_conv
 This function is called by:
		_SUP_Oper
 This function uses a non-reentrant model


 *************** function _ADC_start_conv *****************
 Defined at:
		line 36 in file "sources/SYS_adc.c"
 Parameters:    Size  Location     Type
		None
 Auto vars:     Size  Location     Type
		None
 Return value:  Size  Location     Type
                  1    wreg      void 
 Registers used:
		None
 Tracked objects:
		On entry : 
		On exit  : 
		Unchanged: 
 Data sizes:     COMMON   BANK0   BANK1   BANK2
      Params:         0       0       0       0
      Locals:         0       0       0       0
      Temps:          0       0       0       0
      Totals:         0       0       0       0
Total ram usage:        0 bytes
 Hardware stack levels used:    1
 Hardware stack levels required when called:    1
 This function calls:
		Nothing
 This function is called by:
		_SUP_ADC_management
 This function uses a non-reentrant model


 *************** function _ADC_get_value *****************
 Defined at:
		line 42 in file "sources/SYS_adc.c"
 Parameters:    Size  Location     Type
		None
 Auto vars:     Size  Location     Type
  ANvalue         2    4[BANK0 ] unsigned int 
 Return value:  Size  Location     Type
                  2    0[BANK0 ] unsigned int 
 Registers used:
		wreg, status,2, btemp+1
 Tracked objects:
		On entry : 
		On exit  : 
		Unchanged: 
 Data sizes:     COMMON   BANK0   BANK1   BANK2
      Params:         0       2       0       0
      Locals:         0       2       0       0
      Temps:          0       2       0       0
      Totals:         0       6       0       0
Total ram usage:        6 bytes
 Hardware stack levels used:    1
 Hardware stack levels required when called:    1
 This function calls:
		Nothing
 This function is called by:
		_SUP_ADC_management
 This function uses a non-reentrant model


 *************** function _ADC_chan_change *****************
 Defined at:
		line 31 in file "sources/SYS_adc.c"
 Parameters:    Size  Location     Type
  ANChannel       1    wreg     unsigned char 
 Auto vars:     Size  Location     Type
  ANChannel       1    1[BANK0 ] unsigned char 
 Return value:  Size  Location     Type
                  1    wreg      void 
 Registers used:
		wreg, status,2, status,0
 Tracked objects:
		On entry : 
		On exit  : 
		Unchanged: 
 Data sizes:     COMMON   BANK0   BANK1   BANK2
      Params:         0       0       0       0
      Locals:         0       1       0       0
      Temps:          0       1       0       0
      Totals:         0       2       0       0
Total ram usage:        2 bytes
 Hardware stack levels used:    1
 Hardware stack levels required when called:    1
 This function calls:
		Nothing
 This function is called by:
		_SUP_ADC_management
 This function uses a non-reentrant model


 *************** function _SUP_Init *****************
 Defined at:
		line 36 in file "sources/SUP_func.c"
 Parameters:    Size  Location     Type
		None
 Auto vars:     Size  Location     Type
		None
 Return value:  Size  Location     Type
                  1    wreg      void 
 Registers used:
		wreg, status,2, status,0, pclath, cstack
 Tracked objects:
		On entry : 
		On exit  : 
		Unchanged: 
 Data sizes:     COMMON   BANK0   BANK1   BANK2
      Params:         0       0       0       0
      Locals:         0       0       0       0
      Temps:          0       0       0       0
      Totals:         0       0       0       0
Total ram usage:        0 bytes
 Hardware stack levels used:    1
 Hardware stack levels required when called:    2
 This function calls:
		_init_adc
		_init_io
		_init_osc
		_init_tmr0
		_init_uart
 This function is called by:
		_main
 This function uses a non-reentrant model


 *************** function _init_uart *****************
 Defined at:
		line 19 in file "sources/SYS_uart.c"
 Parameters:    Size  Location     Type
		None
 Auto vars:     Size  Location     Type
		None
 Return value:  Size  Location     Type
                  1    wreg      void 
 Registers used:
		wreg
 Tracked objects:
		On entry : 
		On exit  : 
		Unchanged: 
 Data sizes:     COMMON   BANK0   BANK1   BANK2
      Params:         0       0       0       0
      Locals:         0       0       0       0
      Temps:          0       0       0       0
      Totals:         0       0       0       0
Total ram usage:        0 bytes
 Hardware stack levels used:    1
 Hardware stack levels required when called:    1
 This function calls:
		Nothing
 This function is called by:
		_SUP_Init
 This function uses a non-reentrant model


 *************** function _init_tmr0 *****************
 Defined at:
		line 16 in file "sources/SYS_trm0.c"
 Parameters:    Size  Location     Type
		None
 Auto vars:     Size  Location     Type
		None
 Return value:  Size  Location     Type
                  1    wreg      void 
 Registers used:
		None
 Tracked objects:
		On entry : 
		On exit  : 
		Unchanged: 
 Data sizes:     COMMON   BANK0   BANK1   BANK2
      Params:         0       0       0       0
      Locals:         0       0       0       0
      Temps:          0       0       0       0
      Totals:         0       0       0       0
Total ram usage:        0 bytes
 Hardware stack levels used:    1
 Hardware stack levels required when called:    1
 This function calls:
		Nothing
 This function is called by:
		_SUP_Init
 This function uses a non-reentrant model


 *************** function _init_osc *****************
 Defined at:
		line 16 in file "sources/SYS_osc.c"
 Parameters:    Size  Location     Type
		None
 Auto vars:     Size  Location     Type
		None
 Return value:  Size  Location     Type
                  1    wreg      void 
 Registers used:
		None
 Tracked objects:
		On entry : 
		On exit  : 
		Unchanged: 
 Data sizes:     COMMON   BANK0   BANK1   BANK2
      Params:         0       0       0       0
      Locals:         0       0       0       0
      Temps:          0       0       0       0
      Totals:         0       0       0       0
Total ram usage:        0 bytes
 Hardware stack levels used:    1
 Hardware stack levels required when called:    1
 This function calls:
		Nothing
 This function is called by:
		_SUP_Init
 This function uses a non-reentrant model


 *************** function _init_io *****************
 Defined at:
		line 16 in file "sources/SYS_io.c"
 Parameters:    Size  Location     Type
		None
 Auto vars:     Size  Location     Type
		None
 Return value:  Size  Location     Type
                  1    wreg      void 
 Registers used:
		None
 Tracked objects:
		On entry : 
		On exit  : 
		Unchanged: 
 Data sizes:     COMMON   BANK0   BANK1   BANK2
      Params:         0       0       0       0
      Locals:         0       0       0       0
      Temps:          0       0       0       0
      Totals:         0       0       0       0
Total ram usage:        0 bytes
 Hardware stack levels used:    1
 Hardware stack levels required when called:    1
 This function calls:
		Nothing
 This function is called by:
		_SUP_Init
 This function uses a non-reentrant model


 *************** function _init_adc *****************
 Defined at:
		line 18 in file "sources/SYS_adc.c"
 Parameters:    Size  Location     Type
		None
 Auto vars:     Size  Location     Type
		None
 Return value:  Size  Location     Type
                  1    wreg      void 
 Registers used:
		wreg, status,2, status,0
 Tracked objects:
		On entry : 
		On exit  : 
		Unchanged: 
 Data sizes:     COMMON   BANK0   BANK1   BANK2
      Params:         0       0       0       0
      Locals:         0       0       0       0
      Temps:          0       0       0       0
      Totals:         0       0       0       0
Total ram usage:        0 bytes
 Hardware stack levels used:    1
 Hardware stack levels required when called:    1
 This function calls:
		Nothing
 This function is called by:
		_SUP_Init
 This function uses a non-reentrant model


 *************** function _f_int *****************
 Defined at:
		line 145 in file "sources/SUP_func.c"
 Parameters:    Size  Location     Type
		None
 Auto vars:     Size  Location     Type
		None
 Return value:  Size  Location     Type
                  1    wreg      void 
 Registers used:
		wreg, fsr0l, fsr0h, status,2, status,0
 Tracked objects:
		On entry : 
		On exit  : 
		Unchanged: 
 Data sizes:     COMMON   BANK0   BANK1   BANK2
      Params:         0       0       0       0
      Locals:         0       0       0       0
      Temps:          5       0       0       0
      Totals:         5       0       0       0
Total ram usage:        5 bytes
 Hardware stack levels used:    1
 This function calls:
		Nothing
 This function is called by:
		Interrupt level 1
 This function uses a non-reentrant model



MODULE INFORMATION

Module		Function		Class		Link	Load	Size
sources/SYS_adc.c
		_ADC_chan_change		CODE           	01EE	0000	14
		_init_adc      		CODE           	01AF	0000	19
		_ADC_get_value 		CODE           	015C	0000	33
		_ADC_start_conv		CODE           	0226	0000	6

sources/SYS_adc.c estimated size: 72

sources/SYS_trm0.c
		_init_tmr0     		CODE           	0207	0000	11

sources/SYS_trm0.c estimated size: 11

sources/SYS_io.c
		_init_io       		CODE           	01FB	0000	13

sources/SYS_io.c estimated size: 13

sources/SUP_func.c
		_SUP_Init      		CODE           	019A	0000	22
		_f_int         		CODE           	00B6	0000	80
		_main          		CODE           	0219	0000	8
		_SUP_UART_management		CODE           	01C1	0000	18
		_SUP_ADC_management		CODE           	0021	0000	150
		_SUP_Oper      		CODE           	0131	0000	44

sources/SUP_func.c estimated size: 322

shared
		__initialization		CODE           	0013	0000	12

shared estimated size: 12

sources/SYS_osc.c
		_init_osc      		CODE           	0220	0000	7

sources/SYS_osc.c estimated size: 7

D:\XC8\sources\common\memcpy.c
		_memcpy        		CODE           	0105	0000	45

D:\XC8\sources\common\memcpy.c estimated size: 45

sources/SYS_uart.c
		_init_uart     		CODE           	01E0	0000	15
		_UART_send     		CODE           	017C	0000	31

sources/SYS_uart.c estimated size: 46

