Microchip MPLAB XC8 Compiler V1.44 ()

Linker command line:

-W-3 --edf=D:\XC8\dat\en_msgs.txt -cs \
  -h+dist/default/production\AERIS01V1.0.production.sym \
  --cmf=dist/default/production\AERIS01V1.0.production.cmf -z -Q16F688 \
  -oC:\Users\CLMENT~1\AppData\Local\Temp\s28s.2 \
  -Mdist/default/production/AERIS01V1.0.production.map -E1 -ver=XC8 \
  -ASTACK=0A0h-0efh -pstack=STACK -ACODE=00h-07FFhx2 -ASTRCODE=00h-0FFFh \
  -ASTRING=00h-0FFhx16 -ACONST=00h-0FFhx16 -AENTRY=00h-0FFhx16 \
  -ACOMMON=070h-07Fh -ABANK0=020h-06Fh -ABANK1=0A0h-0EFh \
  -ABANK2=0120h-016Fh -ARAM=020h-06Fh,0A0h-0EFh,0120h-016Fh \
  -AABS1=020h-07Fh,0A0h-0EFh,0120h-016Fh -ASFR0=00h-01Fh -ASFR1=080h-09Fh \
  -ASFR2=0100h-011Fh -ASFR3=0180h-01EFh \
  -preset_vec=00h,intentry=04h,init,end_init -ppowerup=CODE -pcinit=CODE \
  -pfunctab=ENTRY -ACONFIG=02007h-02007h -pconfig=CONFIG -DCONFIG=2 \
  -AIDLOC=02000h-02003h -pidloc=IDLOC -DIDLOC=2 -AEEDATA=00h-0FFh/02100h \
  -peeprom_data=EEDATA -DEEDATA=2 -DCODE=2 -DSTRCODE=2 -DSTRING=2 -DCONST=2 \
  -DENTRY=2 -k C:\Users\CLMENT~1\AppData\Local\Temp\s28s.obj \
  dist/default/production\AERIS01V1.0.production.obj 

Object code version is 3.11

Machine type is 16F688



                Name                               Link     Load   Length Selector   Space Scale
C:\Users\CLMENT~1\AppData\Local\Temp\s28s.obj
                end_init                             11       11        2        8       0
                reset_vec                             0        0        2        0       0
                config                             2007     2007        1     400E       0
dist/default/production\AERIS01V1.0.production.obj
                cinit                                13       13        A        8       0
                intentry                              4        4        D        8       0
                text12                               C9       C9       1E        8       0
                text11                               FC       FC       12        8       0
                text10                              11B      11B        C        8       0
                text9                               146      146        6        8       0
                text8                               127      127        A        8       0
                text7                               140      140        6        8       0
                text6                                E7       E7       15        8       0
                text5                               10E      10E        D        8       0
                text4                                A3       A3       26        8       0
                text3                                1D       1D       5B        8       0
                text2                               14C      14C        1        8       0
                text1                                78       78       2B        8       0
                maintext                            139      139        7        8       0
                cstackBANK0                          36       36        6       20       1
                cstackCOMMON                         70       70        9       70       1
                clrtext                             131      131        8        8       0
                bssBANK0                             20       20       16       20       1
                bssCOMMON                            79       79        1       70       1

TOTAL           Name                               Link     Load   Length     Space
        CLASS   STACK          

        CLASS   CODE           
                end_init                             11       11        2         0
                cinit                                13       13        A         0
                intentry                              4        4        D         0
                reset_vec                             0        0        2         0
                text12                               C9       C9       1E         0
                text11                               FC       FC       12         0
                text10                              11B      11B        C         0
                text9                               146      146        6         0
                text8                               127      127        A         0
                text7                               140      140        6         0
                text6                                E7       E7       15         0
                text5                               10E      10E        D         0
                text4                                A3       A3       26         0
                text3                                1D       1D       5B         0
                text2                               14C      14C        1         0
                text1                                78       78       2B         0
                maintext                            139      139        7         0
                clrtext                             131      131        8         0

        CLASS   STRCODE        

        CLASS   STRING         

        CLASS   CONST          

        CLASS   ENTRY          

        CLASS   COMMON         
                cstackCOMMON                         70       70        9         1
                bssCOMMON                            79       79        1         1

        CLASS   BANK0          
                cstackBANK0                          36       36        6         1
                bssBANK0                             20       20       16         1

        CLASS   BANK1          

        CLASS   BANK2          

        CLASS   RAM            

        CLASS   ABS1           
                abs_s1                               7E       7E        2         1

        CLASS   SFR0           

        CLASS   SFR1           

        CLASS   SFR2           

        CLASS   SFR3           

        CLASS   CONFIG         
                config                             2007     2007        1         0

        CLASS   IDLOC          

        CLASS   EEDATA         

        CLASS   BANK3          



SEGMENTS        Name                           Load    Length   Top    Selector   Space  Class     Delta

                reset_vec                      000000  000002  000002         0       0  CODE        2
                intentry                       000004  000149  00014D         8       0  CODE        2
                bssBANK0                       000020  00001C  00003C        20       1  BANK0       1
                cstackCOMMON                   000070  00000A  00007A        70       1  COMMON      1
                config                         002007  000001  002008      400E       0  CONFIG      2


UNUSED ADDRESS RANGES

        Name                Unused          Largest block    Delta
        BANK0            003C-006F             34           1
        BANK1            00A0-00EF             50           1
        BANK2            0120-016F             50           1
        CODE             0002-0003              2           2
                         014D-0FFF            6B3
        COMMON           007A-007D              4           1
        CONST            0002-0003              2           2
                         014D-0FFF            100
        EEDATA           2100-21FF            100           2
        ENTRY            0002-0003              2           2
                         014D-0FFF            100
        IDLOC            2000-2003              4           2
        RAM              003C-006F             34           1
                         00A0-00EF             50
                         0120-016F             50
        SFR0             0000-001F             20           1
        SFR1             0080-009F             20           1
        SFR2             0100-011F             20           1
        SFR3             0180-01EF             70           1
        STACK            00A0-00EF             50           1
        STRCODE          0002-0003              2           2
                         014D-0FFF            EB3
        STRING           0002-0003              2           2
                         014D-0FFF            100

                                  Symbol Table

?_ADC_get_value               cstackCOMMON 0074
ADC_chan_change@ANChannel     cstackCOMMON 0075
ADC_get_value@ANvalue         cstackBANK0  0036
SUP_ADC_management@sequence   cstackCOMMON 0078
SUP_Oper@latchSequencer       cstackBANK0  0038
_ADCON0bits                   (abs)        001F
_ADCON1bits                   (abs)        009F
_ADC_chan_change              text5        010E
_ADC_get_value                text4        00A3
_ADRESH                       (abs)        001E
_ADRESL                       (abs)        009E
_INTCONbits                   (abs)        000B
_OPTION_REGbits               (abs)        0081
_OSCCONbits                   (abs)        008F
_PIE1bits                     (abs)        008C
_PIR1bits                     (abs)        000C
_PORTAbits                    (abs)        0005
_RCSTAbits                    (abs)        0017
_SPBRG                        (abs)        0013
_SUP_ADC_management           text3        001D
_SUP_Init                     text6        00E7
_SUP_Oper                     text1        0078
_SUP_UART_management          text2        014C
_TMR0                         (abs)        0001
_TRISAbits                    (abs)        0085
_TRISCbits                    (abs)        0087
__CFG_BOREN$ON                (abs)        0000
__CFG_CP$OFF                  (abs)        0000
__CFG_CPD$OFF                 (abs)        0000
__CFG_FCMEN$ON                (abs)        0000
__CFG_FOSC$INTOSCIO           (abs)        0000
__CFG_IESO$ON                 (abs)        0000
__CFG_MCLRE$ON                (abs)        0000
__CFG_PWRTE$OFF               (abs)        0000
__CFG_WDTE$OFF                (abs)        0000
__Habs1                       abs1         0000
__Hbank0                      bank0        0000
__Hbank1                      bank1        0000
__Hbank2                      bank2        0000
__Hbank3                      bank3        0000
__HbssBANK0                   bssBANK0     0000
__HbssCOMMON                  bssCOMMON    0000
__Hcinit                      cinit        001D
__Hclrtext                    clrtext      0000
__Hcode                       code         0000
__Hcommon                     common       0000
__Hconfig                     config       2008
__HcstackBANK0                cstackBANK0  0000
__HcstackCOMMON               cstackCOMMON 0000
__Heeprom_data                eeprom_data  0000
__Hend_init                   end_init     0013
__Hfunctab                    functab      0000
__Hidloc                      idloc        0000
__Hinit                       init         0011
__Hintentry                   intentry     0011
__Hmaintext                   maintext     0000
__Hpowerup                    powerup      0000
__Hram                        ram          0000
__Hreset_vec                  reset_vec    0002
__Hsfr0                       sfr0         0000
__Hsfr1                       sfr1         0000
__Hsfr2                       sfr2         0000
__Hsfr3                       sfr3         0000
__Hspace_0                    (abs)        2008
__Hspace_1                    (abs)        007A
__Hspace_2                    (abs)        0000
__Hspace_3                    (abs)        0000
__Hstack                      stack        0000
__Hstrings                    strings      0000
__Htext                       text         0000
__Labs1                       abs1         0000
__Lbank0                      bank0        0000
__Lbank1                      bank1        0000
__Lbank2                      bank2        0000
__Lbank3                      bank3        0000
__LbssBANK0                   bssBANK0     0000
__LbssCOMMON                  bssCOMMON    0000
__Lcinit                      cinit        0013
__Lclrtext                    clrtext      0000
__Lcode                       code         0000
__Lcommon                     common       0000
__Lconfig                     config       2007
__LcstackBANK0                cstackBANK0  0000
__LcstackCOMMON               cstackCOMMON 0000
__Leeprom_data                eeprom_data  0000
__Lend_init                   end_init     0011
__Lfunctab                    functab      0000
__Lidloc                      idloc        0000
__Linit                       init         0011
__Lintentry                   intentry     0004
__Lmaintext                   maintext     0000
__Lpowerup                    powerup      0000
__Lram                        ram          0000
__Lreset_vec                  reset_vec    0000
__Lsfr0                       sfr0         0000
__Lsfr1                       sfr1         0000
__Lsfr2                       sfr2         0000
__Lsfr3                       sfr3         0000
__Lspace_0                    (abs)        0000
__Lspace_1                    (abs)        0000
__Lspace_2                    (abs)        0000
__Lspace_3                    (abs)        0000
__Lstack                      stack        0000
__Lstrings                    strings      0000
__Ltext                       text         0000
__S0                          (abs)        2008
__S1                          (abs)        007A
__S2                          (abs)        0000
__S3                          (abs)        0000
___int_sp                     stack        0000
___latbits                    (abs)        0001
___sp                         stack        0000
__end_of_ADC_chan_change      text5        011B
__end_of_ADC_get_value        text4        00C9
__end_of_SUP_ADC_management   text3        0078
__end_of_SUP_Init             text6        00FC
__end_of_SUP_Oper             text1        00A3
__end_of_SUP_UART_management  text2        014D
__end_of__initialization      cinit        001A
__end_of_f_int                text12       00E7
__end_of_init_adc             text11       010E
__end_of_init_io              text10       0127
__end_of_init_osc             text9        014C
__end_of_init_tmr0            text8        0131
__end_of_init_uart            text7        0146
__end_of_main                 maintext     0140
__initialization              cinit        0013
__pbssBANK0                   bssBANK0     0020
__pbssCOMMON                  bssCOMMON    0079
__pcstackBANK0                cstackBANK0  0036
__pcstackCOMMON               cstackCOMMON 0070
__pintentry                   intentry     0004
__pmaintext                   maintext     0139
__ptext1                      text1        0078
__ptext10                     text10       011B
__ptext11                     text11       00FC
__ptext12                     text12       00C9
__ptext2                      text2        014C
__ptext3                      text3        001D
__ptext4                      text4        00A3
__ptext5                      text5        010E
__ptext6                      text6        00E7
__ptext7                      text7        0140
__ptext8                      text8        0127
__ptext9                      text9        0146
__size_of_ADC_chan_change     (abs)        0000
__size_of_ADC_get_value       (abs)        0000
__size_of_SUP_ADC_management  (abs)        0000
__size_of_SUP_Init            (abs)        0000
__size_of_SUP_Oper            (abs)        0000
__size_of_SUP_UART_management (abs)        0000
__size_of_f_int               (abs)        0000
__size_of_init_adc            (abs)        0000
__size_of_init_io             (abs)        0000
__size_of_init_osc            (abs)        0000
__size_of_init_tmr0           (abs)        0000
__size_of_init_uart           (abs)        0000
__size_of_main                (abs)        0000
_anData                       bssBANK0     0020
_compteur                     bssBANK0     0032
_endConv                      bssCOMMON    0079
_f_int                        text12       00C9
_init_adc                     text11       00FC
_init_io                      text10       011B
_init_osc                     text9        0146
_init_tmr0                    text8        0127
_init_uart                    text7        0140
_main                         maintext     0139
btemp                         (abs)        007E
clear_ram0                    clrtext      0131
end_of_initialization         cinit        001A
interrupt_function            intentry     0004
intlevel0                     functab      0000
intlevel1                     functab      0000
intlevel2                     functab      0000
intlevel3                     functab      0000
intlevel4                     functab      0000
intlevel5                     functab      0000
reset_vec                     reset_vec    0000
saved_w                       (abs)        007E
stackhi                       (abs)        0000
stacklo                       (abs)        0000
start                         init         0011
start_initialization          cinit        0013
wtemp0                        (abs)        007E


FUNCTION INFORMATION:

 *************** function _main *****************
 Defined at:
		line 26 in file "sources/SUP_func.c"
 Parameters:    Size  Location     Type
		None
 Auto vars:     Size  Location     Type
		None
 Return value:  Size  Location     Type
                  1    wreg      void 
 Registers used:
		wreg, fsr0l, fsr0h, status,2, status,0, btemp+1, pclath, cstack
 Tracked objects:
		On entry : 
		On exit  : 
		Unchanged: 
 Data sizes:     COMMON   BANK0   BANK1   BANK2
      Params:         0       0       0       0
      Locals:         0       0       0       0
      Temps:          0       0       0       0
      Totals:         0       0       0       0
Total ram usage:        0 bytes
 Hardware stack levels required when called:    4
 This function calls:
		_SUP_Init
		_SUP_Oper
 This function is called by:
		Startup code after reset
 This function uses a non-reentrant model


 *************** function _SUP_Oper *****************
 Defined at:
		line 53 in file "sources/SUP_func.c"
 Parameters:    Size  Location     Type
		None
 Auto vars:     Size  Location     Type
  latchSequenc    4    2[BANK0 ] unsigned long 
 Return value:  Size  Location     Type
                  1    wreg      void 
 Registers used:
		wreg, fsr0l, fsr0h, status,2, status,0, btemp+1, pclath, cstack
 Tracked objects:
		On entry : 
		On exit  : 
		Unchanged: 
 Data sizes:     COMMON   BANK0   BANK1   BANK2
      Params:         0       0       0       0
      Locals:         0       4       0       0
      Temps:          0       0       0       0
      Totals:         0       4       0       0
Total ram usage:        4 bytes
 Hardware stack levels used:    1
 Hardware stack levels required when called:    3
 This function calls:
		_SUP_ADC_management
		_SUP_UART_management
 This function is called by:
		_main
 This function uses a non-reentrant model


 *************** function _SUP_UART_management *****************
 Defined at:
		line 101 in file "sources/SUP_func.c"
 Parameters:    Size  Location     Type
		None
 Auto vars:     Size  Location     Type
		None
 Return value:  Size  Location     Type
                  1    wreg      void 
 Registers used:
		None
 Tracked objects:
		On entry : 
		On exit  : 
		Unchanged: 
 Data sizes:     COMMON   BANK0   BANK1   BANK2
      Params:         0       0       0       0
      Locals:         0       0       0       0
      Temps:          0       0       0       0
      Totals:         0       0       0       0
Total ram usage:        0 bytes
 Hardware stack levels used:    1
 Hardware stack levels required when called:    1
 This function calls:
		Nothing
 This function is called by:
		_SUP_Oper
 This function uses a non-reentrant model


 *************** function _SUP_ADC_management *****************
 Defined at:
		line 68 in file "sources/SUP_func.c"
 Parameters:    Size  Location     Type
		None
 Auto vars:     Size  Location     Type
  sequence        1    8[COMMON] unsigned char 
 Return value:  Size  Location     Type
                  1    wreg      void 
 Registers used:
		wreg, fsr0l, fsr0h, status,2, status,0, btemp+1, pclath, cstack
 Tracked objects:
		On entry : 
		On exit  : 
		Unchanged: 
 Data sizes:     COMMON   BANK0   BANK1   BANK2
      Params:         0       0       0       0
      Locals:         1       0       0       0
      Temps:          0       0       0       0
      Totals:         1       0       0       0
Total ram usage:        1 bytes
 Hardware stack levels used:    1
 Hardware stack levels required when called:    2
 This function calls:
		_ADC_chan_change
		_ADC_get_value
 This function is called by:
		_SUP_Oper
 This function uses a non-reentrant model


 *************** function _ADC_get_value *****************
 Defined at:
		line 36 in file "sources/SYS_adc.c"
 Parameters:    Size  Location     Type
		None
 Auto vars:     Size  Location     Type
  ANvalue         2    0[BANK0 ] unsigned int 
 Return value:  Size  Location     Type
                  2    4[COMMON] unsigned int 
 Registers used:
		wreg, status,2, status,0, btemp+1
 Tracked objects:
		On entry : 
		On exit  : 
		Unchanged: 
 Data sizes:     COMMON   BANK0   BANK1   BANK2
      Params:         2       0       0       0
      Locals:         0       2       0       0
      Temps:          2       0       0       0
      Totals:         4       2       0       0
Total ram usage:        6 bytes
 Hardware stack levels used:    1
 Hardware stack levels required when called:    1
 This function calls:
		Nothing
 This function is called by:
		_SUP_ADC_management
 This function uses a non-reentrant model


 *************** function _ADC_chan_change *****************
 Defined at:
		line 31 in file "sources/SYS_adc.c"
 Parameters:    Size  Location     Type
  ANChannel       1    wreg     unsigned char 
 Auto vars:     Size  Location     Type
  ANChannel       1    5[COMMON] unsigned char 
 Return value:  Size  Location     Type
                  1    wreg      void 
 Registers used:
		wreg, status,2, status,0
 Tracked objects:
		On entry : 
		On exit  : 
		Unchanged: 
 Data sizes:     COMMON   BANK0   BANK1   BANK2
      Params:         0       0       0       0
      Locals:         1       0       0       0
      Temps:          1       0       0       0
      Totals:         2       0       0       0
Total ram usage:        2 bytes
 Hardware stack levels used:    1
 Hardware stack levels required when called:    1
 This function calls:
		Nothing
 This function is called by:
		_SUP_ADC_management
 This function uses a non-reentrant model


 *************** function _SUP_Init *****************
 Defined at:
		line 35 in file "sources/SUP_func.c"
 Parameters:    Size  Location     Type
		None
 Auto vars:     Size  Location     Type
		None
 Return value:  Size  Location     Type
                  1    wreg      void 
 Registers used:
		wreg, status,2, status,0, pclath, cstack
 Tracked objects:
		On entry : 
		On exit  : 
		Unchanged: 
 Data sizes:     COMMON   BANK0   BANK1   BANK2
      Params:         0       0       0       0
      Locals:         0       0       0       0
      Temps:          0       0       0       0
      Totals:         0       0       0       0
Total ram usage:        0 bytes
 Hardware stack levels used:    1
 Hardware stack levels required when called:    2
 This function calls:
		_init_adc
		_init_io
		_init_osc
		_init_tmr0
		_init_uart
 This function is called by:
		_main
 This function uses a non-reentrant model


 *************** function _init_uart *****************
 Defined at:
		line 16 in file "sources/SYS_uart.c"
 Parameters:    Size  Location     Type
		None
 Auto vars:     Size  Location     Type
		None
 Return value:  Size  Location     Type
                  1    wreg      void 
 Registers used:
		wreg
 Tracked objects:
		On entry : 
		On exit  : 
		Unchanged: 
 Data sizes:     COMMON   BANK0   BANK1   BANK2
      Params:         0       0       0       0
      Locals:         0       0       0       0
      Temps:          0       0       0       0
      Totals:         0       0       0       0
Total ram usage:        0 bytes
 Hardware stack levels used:    1
 Hardware stack levels required when called:    1
 This function calls:
		Nothing
 This function is called by:
		_SUP_Init
 This function uses a non-reentrant model


 *************** function _init_tmr0 *****************
 Defined at:
		line 16 in file "sources/SYS_trm0.c"
 Parameters:    Size  Location     Type
		None
 Auto vars:     Size  Location     Type
		None
 Return value:  Size  Location     Type
                  1    wreg      void 
 Registers used:
		None
 Tracked objects:
		On entry : 
		On exit  : 
		Unchanged: 
 Data sizes:     COMMON   BANK0   BANK1   BANK2
      Params:         0       0       0       0
      Locals:         0       0       0       0
      Temps:          0       0       0       0
      Totals:         0       0       0       0
Total ram usage:        0 bytes
 Hardware stack levels used:    1
 Hardware stack levels required when called:    1
 This function calls:
		Nothing
 This function is called by:
		_SUP_Init
 This function uses a non-reentrant model


 *************** function _init_osc *****************
 Defined at:
		line 16 in file "sources/SYS_osc.c"
 Parameters:    Size  Location     Type
		None
 Auto vars:     Size  Location     Type
		None
 Return value:  Size  Location     Type
                  1    wreg      void 
 Registers used:
		None
 Tracked objects:
		On entry : 
		On exit  : 
		Unchanged: 
 Data sizes:     COMMON   BANK0   BANK1   BANK2
      Params:         0       0       0       0
      Locals:         0       0       0       0
      Temps:          0       0       0       0
      Totals:         0       0       0       0
Total ram usage:        0 bytes
 Hardware stack levels used:    1
 Hardware stack levels required when called:    1
 This function calls:
		Nothing
 This function is called by:
		_SUP_Init
 This function uses a non-reentrant model


 *************** function _init_io *****************
 Defined at:
		line 16 in file "sources/SYS_io.c"
 Parameters:    Size  Location     Type
		None
 Auto vars:     Size  Location     Type
		None
 Return value:  Size  Location     Type
                  1    wreg      void 
 Registers used:
		None
 Tracked objects:
		On entry : 
		On exit  : 
		Unchanged: 
 Data sizes:     COMMON   BANK0   BANK1   BANK2
      Params:         0       0       0       0
      Locals:         0       0       0       0
      Temps:          0       0       0       0
      Totals:         0       0       0       0
Total ram usage:        0 bytes
 Hardware stack levels used:    1
 Hardware stack levels required when called:    1
 This function calls:
		Nothing
 This function is called by:
		_SUP_Init
 This function uses a non-reentrant model


 *************** function _init_adc *****************
 Defined at:
		line 18 in file "sources/SYS_adc.c"
 Parameters:    Size  Location     Type
		None
 Auto vars:     Size  Location     Type
		None
 Return value:  Size  Location     Type
                  1    wreg      void 
 Registers used:
		wreg, status,2, status,0
 Tracked objects:
		On entry : 
		On exit  : 
		Unchanged: 
 Data sizes:     COMMON   BANK0   BANK1   BANK2
      Params:         0       0       0       0
      Locals:         0       0       0       0
      Temps:          0       0       0       0
      Totals:         0       0       0       0
Total ram usage:        0 bytes
 Hardware stack levels used:    1
 Hardware stack levels required when called:    1
 This function calls:
		Nothing
 This function is called by:
		_SUP_Init
 This function uses a non-reentrant model


 *************** function _f_int *****************
 Defined at:
		line 106 in file "sources/SUP_func.c"
 Parameters:    Size  Location     Type
		None
 Auto vars:     Size  Location     Type
		None
 Return value:  Size  Location     Type
                  1    wreg      void 
 Registers used:
		wreg
 Tracked objects:
		On entry : 
		On exit  : 
		Unchanged: 
 Data sizes:     COMMON   BANK0   BANK1   BANK2
      Params:         0       0       0       0
      Locals:         0       0       0       0
      Temps:          4       0       0       0
      Totals:         4       0       0       0
Total ram usage:        4 bytes
 Hardware stack levels used:    1
 This function calls:
		Nothing
 This function is called by:
		Interrupt level 1
 This function uses a non-reentrant model



MODULE INFORMATION

Module		Function		Class		Link	Load	Size
sources/SYS_adc.c
		_ADC_chan_change		CODE           	010E	0000	14
		_init_adc      		CODE           	00FC	0000	19
		_ADC_get_value 		CODE           	00A3	0000	39

sources/SYS_adc.c estimated size: 72

sources/SYS_trm0.c
		_init_tmr0     		CODE           	0127	0000	11

sources/SYS_trm0.c estimated size: 11

sources/SYS_io.c
		_init_io       		CODE           	011B	0000	13

sources/SYS_io.c estimated size: 13

sources/SUP_func.c
		_SUP_Init      		CODE           	00E7	0000	22
		_f_int         		CODE           	00C9	0000	31
		_main          		CODE           	0139	0000	8
		_SUP_UART_management		CODE           	014C	0000	2
		_SUP_ADC_management		CODE           	001D	0000	92
		_SUP_Oper      		CODE           	0078	0000	44

sources/SUP_func.c estimated size: 199

shared
		__initialization		CODE           	0013	0000	8

shared estimated size: 8

sources/SYS_osc.c
		_init_osc      		CODE           	0146	0000	7

sources/SYS_osc.c estimated size: 7

sources/SYS_uart.c
		_init_uart     		CODE           	0140	0000	7

sources/SYS_uart.c estimated size: 7

